<?php return array (
  0 => 'Symfony\\Bundle\\FrameworkBundle\\Controller\\AbstractController',
  1 => 'App\\Controller\\AdminController',
  2 => 'App\\Controller\\AdvantagesController',
  3 => 'App\\Controller\\AppointmentController',
  4 => 'App\\Controller\\AvailabilityController',
  5 => 'App\\Controller\\CoachController',
  6 => 'App\\Controller\\CourseController',
  7 => 'App\\Controller\\HomePageController',
  8 => 'App\\Controller\\PatientController',
  9 => 'App\\Controller\\PlanController',
  10 => 'App\\Controller\\PlanningRulesController',
  11 => 'App\\Controller\\TransactionController',
  12 => 'App\\Controller\\UsersController',
  13 => 'App\\Entity\\Admin',
  14 => 'App\\Entity\\Advantage',
  15 => 'App\\Entity\\AppUser',
  16 => 'App\\Entity\\Appointment',
  17 => 'App\\Entity\\Availability',
  18 => 'App\\Entity\\Coach',
  19 => 'App\\Entity\\Course',
  20 => 'App\\Entity\\Files',
  21 => 'App\\Entity\\Patient',
  22 => 'App\\Entity\\Plan',
  23 => 'App\\Entity\\PlanningRules',
  24 => 'App\\Entity\\Resources',
  25 => 'App\\Entity\\Schedule',
  26 => 'App\\Entity\\Text',
  27 => 'App\\Entity\\Transaction',
  28 => 'Doctrine\\Bundle\\DoctrineBundle\\Controller\\ProfilerController',
  29 => 'Doctrine\\ORM\\Cache\\Persister\\Entity\\AbstractEntityPersister',
  30 => 'Doctrine\\ORM\\Cache\\Persister\\Entity\\CachedEntityPersister',
  31 => 'Doctrine\\ORM\\Cache\\Persister\\Entity\\NonStrictReadWriteCachedEntityPersister',
  32 => 'Doctrine\\ORM\\Cache\\Persister\\Entity\\ReadOnlyCachedEntityPersister',
  33 => 'Doctrine\\ORM\\Cache\\Persister\\Entity\\ReadWriteCachedEntityPersister',
  34 => 'Doctrine\\ORM\\Persisters\\Entity\\AbstractEntityInheritancePersister',
  35 => 'Doctrine\\ORM\\Persisters\\Entity\\BasicEntityPersister',
  36 => 'Doctrine\\ORM\\Persisters\\Entity\\CachedPersisterContext',
  37 => 'Doctrine\\ORM\\Persisters\\Entity\\EntityPersister',
  38 => 'Doctrine\\ORM\\Persisters\\Entity\\JoinedSubclassPersister',
  39 => 'Doctrine\\ORM\\Persisters\\Entity\\SingleTablePersister',
  41 => 'Symfony\\Bundle\\FrameworkBundle\\Controller\\ControllerResolver',
  42 => 'Symfony\\Bundle\\FrameworkBundle\\Controller\\RedirectController',
  43 => 'Symfony\\Bundle\\FrameworkBundle\\Controller\\TemplateController',
  44 => 'Symfony\\Bundle\\WebProfilerBundle\\Controller\\ExceptionPanelController',
  45 => 'Symfony\\Bundle\\WebProfilerBundle\\Controller\\ProfilerController',
  46 => 'Symfony\\Bundle\\WebProfilerBundle\\Controller\\RouterController',
  47 => 'Symfony\\Component\\HttpKernel\\Controller\\ArgumentResolver',
  48 => 'Symfony\\Component\\HttpKernel\\Controller\\ArgumentResolverInterface',
  49 => 'Symfony\\Component\\HttpKernel\\Controller\\ArgumentResolver\\DefaultValueResolver',
  50 => 'Symfony\\Component\\HttpKernel\\Controller\\ArgumentResolver\\NotTaggedControllerValueResolver',
  51 => 'Symfony\\Component\\HttpKernel\\Controller\\ArgumentResolver\\RequestAttributeValueResolver',
  52 => 'Symfony\\Component\\HttpKernel\\Controller\\ArgumentResolver\\RequestValueResolver',
  53 => 'Symfony\\Component\\HttpKernel\\Controller\\ArgumentResolver\\ServiceValueResolver',
  54 => 'Symfony\\Component\\HttpKernel\\Controller\\ArgumentResolver\\SessionValueResolver',
  55 => 'Symfony\\Component\\HttpKernel\\Controller\\ArgumentResolver\\TraceableValueResolver',
  56 => 'Symfony\\Component\\HttpKernel\\Controller\\ArgumentResolver\\VariadicValueResolver',
  57 => 'Symfony\\Component\\HttpKernel\\Controller\\ArgumentValueResolverInterface',
  58 => 'Symfony\\Component\\HttpKernel\\Controller\\ContainerControllerResolver',
  59 => 'Symfony\\Component\\HttpKernel\\Controller\\ControllerReference',
  60 => 'Symfony\\Component\\HttpKernel\\Controller\\ControllerResolver',
  61 => 'Symfony\\Component\\HttpKernel\\Controller\\ControllerResolverInterface',
  62 => 'Symfony\\Component\\HttpKernel\\Controller\\ErrorController',
  63 => 'Symfony\\Component\\HttpKernel\\Controller\\TraceableArgumentResolver',
  64 => 'Symfony\\Component\\HttpKernel\\Controller\\TraceableControllerResolver',
  65 => 'Symfony\\Component\\Security\\Http\\Controller\\UserValueResolver',
);