<?php return array (
  0 => 'Symfony\\Bundle\\FrameworkBundle\\Controller\\AbstractController',
  1 => 'App\\Controller\\AdminController',
  2 => 'App\\Controller\\AdvantagesController',
  3 => 'App\\Controller\\AppointmentController',
  4 => 'App\\Controller\\AvailabilityController',
  5 => 'App\\Controller\\CoachController',
  6 => 'App\\Controller\\CourseController',
  7 => 'App\\Controller\\FilesController',
  8 => 'App\\Controller\\GoogleOAuthController',
  9 => 'App\\Controller\\HomePageController',
  10 => 'App\\Controller\\PatientController',
  11 => 'App\\Controller\\PlanController',
  12 => 'App\\Controller\\PlanningRulesController',
  13 => 'App\\Controller\\ResourcesController',
  14 => 'App\\Controller\\ScheduleController',
  15 => 'App\\Controller\\TextController',
  16 => 'App\\Controller\\TransactionController',
  17 => 'App\\Controller\\UsersController',
  18 => 'App\\Entity\\Admin',
  19 => 'App\\Entity\\Advantage',
  20 => 'App\\Entity\\AppUser',
  21 => 'App\\Entity\\Appointment',
  22 => 'App\\Entity\\Availability',
  23 => 'App\\Entity\\Coach',
  24 => 'App\\Entity\\Course',
  25 => 'App\\Entity\\Files',
  26 => 'App\\Entity\\Patient',
  27 => 'App\\Entity\\Plan',
  28 => 'App\\Entity\\PlanningRules',
  29 => 'App\\Entity\\Resources',
  30 => 'App\\Entity\\Schedule',
  31 => 'App\\Entity\\Text',
  32 => 'App\\Entity\\Transaction',
  33 => 'Doctrine\\Bundle\\DoctrineBundle\\Controller\\ProfilerController',
  34 => 'Doctrine\\ORM\\Cache\\Persister\\Entity\\AbstractEntityPersister',
  35 => 'Doctrine\\ORM\\Cache\\Persister\\Entity\\CachedEntityPersister',
  36 => 'Doctrine\\ORM\\Cache\\Persister\\Entity\\NonStrictReadWriteCachedEntityPersister',
  37 => 'Doctrine\\ORM\\Cache\\Persister\\Entity\\ReadOnlyCachedEntityPersister',
  38 => 'Doctrine\\ORM\\Cache\\Persister\\Entity\\ReadWriteCachedEntityPersister',
  39 => 'Doctrine\\ORM\\Persisters\\Entity\\AbstractEntityInheritancePersister',
  40 => 'Doctrine\\ORM\\Persisters\\Entity\\BasicEntityPersister',
  41 => 'Doctrine\\ORM\\Persisters\\Entity\\CachedPersisterContext',
  42 => 'Doctrine\\ORM\\Persisters\\Entity\\EntityPersister',
  43 => 'Doctrine\\ORM\\Persisters\\Entity\\JoinedSubclassPersister',
  44 => 'Doctrine\\ORM\\Persisters\\Entity\\SingleTablePersister',
  45 => 'Nelmio\\ApiDocBundle\\Controller\\DocumentationController',
  46 => 'Nelmio\\ApiDocBundle\\Controller\\SwaggerUiController',
  47 => 'Nelmio\\ApiDocBundle\\Controller\\YamlDocumentationController',
  49 => 'Symfony\\Bundle\\FrameworkBundle\\Controller\\ControllerResolver',
  50 => 'Symfony\\Bundle\\FrameworkBundle\\Controller\\RedirectController',
  51 => 'Symfony\\Bundle\\FrameworkBundle\\Controller\\TemplateController',
  52 => 'Symfony\\Bundle\\WebProfilerBundle\\Controller\\ExceptionPanelController',
  53 => 'Symfony\\Bundle\\WebProfilerBundle\\Controller\\ProfilerController',
  54 => 'Symfony\\Bundle\\WebProfilerBundle\\Controller\\RouterController',
  55 => 'Symfony\\Component\\HttpKernel\\Controller\\ArgumentResolver',
  56 => 'Symfony\\Component\\HttpKernel\\Controller\\ArgumentResolverInterface',
  57 => 'Symfony\\Component\\HttpKernel\\Controller\\ArgumentResolver\\BackedEnumValueResolver',
  58 => 'Symfony\\Component\\HttpKernel\\Controller\\ArgumentResolver\\DateTimeValueResolver',
  59 => 'Symfony\\Component\\HttpKernel\\Controller\\ArgumentResolver\\DefaultValueResolver',
  60 => 'Symfony\\Component\\HttpKernel\\Controller\\ArgumentResolver\\NotTaggedControllerValueResolver',
  61 => 'Symfony\\Component\\HttpKernel\\Controller\\ArgumentResolver\\QueryParameterValueResolver',
  62 => 'Symfony\\Component\\HttpKernel\\Controller\\ArgumentResolver\\RequestAttributeValueResolver',
  63 => 'Symfony\\Component\\HttpKernel\\Controller\\ArgumentResolver\\RequestPayloadValueResolver',
  64 => 'Symfony\\Component\\HttpKernel\\Controller\\ArgumentResolver\\RequestValueResolver',
  65 => 'Symfony\\Component\\HttpKernel\\Controller\\ArgumentResolver\\ServiceValueResolver',
  66 => 'Symfony\\Component\\HttpKernel\\Controller\\ArgumentResolver\\SessionValueResolver',
  67 => 'Symfony\\Component\\HttpKernel\\Controller\\ArgumentResolver\\TraceableValueResolver',
  68 => 'Symfony\\Component\\HttpKernel\\Controller\\ArgumentResolver\\UidValueResolver',
  69 => 'Symfony\\Component\\HttpKernel\\Controller\\ArgumentResolver\\VariadicValueResolver',
  70 => 'Symfony\\Component\\HttpKernel\\Controller\\ArgumentValueResolverInterface',
  71 => 'Symfony\\Component\\HttpKernel\\Controller\\ContainerControllerResolver',
  72 => 'Symfony\\Component\\HttpKernel\\Controller\\ControllerReference',
  73 => 'Symfony\\Component\\HttpKernel\\Controller\\ControllerResolver',
  74 => 'Symfony\\Component\\HttpKernel\\Controller\\ControllerResolverInterface',
  75 => 'Symfony\\Component\\HttpKernel\\Controller\\ErrorController',
  76 => 'Symfony\\Component\\HttpKernel\\Controller\\TraceableArgumentResolver',
  77 => 'Symfony\\Component\\HttpKernel\\Controller\\TraceableControllerResolver',
  78 => 'Symfony\\Component\\HttpKernel\\Controller\\ValueResolverInterface',
  79 => 'Symfony\\Component\\Security\\Http\\Controller\\SecurityTokenValueResolver',
  80 => 'Symfony\\Component\\Security\\Http\\Controller\\UserValueResolver',
);